#-----------------------------------------------------------
# Vivado v2019.1 (64-bit)
# SW Build 2552052 on Fri May 24 14:47:09 MDT 2019
# IP Build 2548770 on Fri May 24 18:01:18 MDT 2019
# Start of session at: Wed Jun 21 17:07:53 2023
# Process ID: 10257
# Current directory: /home/manvar00/Downloads/RELEASE_DVD/vivado_designs/Zcu_102_varun
# Command line: vivado
# Log file: /home/manvar00/Downloads/RELEASE_DVD/vivado_designs/Zcu_102_varun/vivado.log
# Journal file: /home/manvar00/Downloads/RELEASE_DVD/vivado_designs/Zcu_102_varun/vivado.jou
#-----------------------------------------------------------
start_gui
open_project /home/manvar00/Downloads/RELEASE_DVD/vivado_designs/Zcu_102_varun/project_2/project_2.xpr
update_compile_order -fileset sources_1
close_project
create_project project_3 /home/manvar00/Downloads/project_3 -part xczu9eg-ffvb1156-2-e
create_bd_design "design_1"
update_compile_order -fileset sources_1
startgroup
create_bd_cell -type ip -vlnv xilinx.com:ip:zynq_ultra_ps_e:3.3 zynq_ultra_ps_e_0
endgroup
connect_bd_net [get_bd_pins zynq_ultra_ps_e_0/maxihpm0_lpd_aclk] [get_bd_pins zynq_ultra_ps_e_0/pl_clk0]
startgroup
set_property -dict [list CONFIG.PSU__DDRC__RANK_ADDR_COUNT {1} CONFIG.PSU__DDRC__DEVICE_CAPACITY {16384 MBits}] [get_bd_cells zynq_ultra_ps_e_0]
endgroup
startgroup
set_property -dict [list CONFIG.PSU__DDRC__ROW_ADDR_COUNT {17}] [get_bd_cells zynq_ultra_ps_e_0]
endgroup
validate_bd_design
save_bd_design
